// Jest Snapshot v1, https://goo.gl/fbAQLP

exports[`should render DashboardPage properly with no props 1`] = `
<div>
  Dashboard page content
</div>
`;
